INFO         | Android emulator version 37.1.11.0 (build_id 15917651) (CL:N/A)
INFO         | Graphics backend: gfxstream
INFO         | Found systemPath C:\Users\Youssef AbdElBaky\AppData\Local\Android\Sdk\system-images\android-37.1\google_apis_playstore_ps16k\x86_64\
INFO         | Guest usage of host flag 'VulkanVirtualQueue' will be ignored.
INFO         | Increasing RAM size to 4096MB
INFO         | IPv4 server found: 172.30.50.39
INFO         | Ignore IPv6 address: 8000:7f91:e001:0:8000:7f91:e001:0
INFO         | Ignore IPv6 address: 8000:7f91:e001:0:8000:7f91:e001:0
INFO         | Ignore IPv6 address: 8000:7f91:e001:0:8000:7f91:e001:0
INFO         | Ignore IPv6 address: 7808:7f91:e001:0:8000:7f91:e001:0
INFO         | Ignore IPv6 address: 7808:7f91:e001:0:8000:7f91:e001:0
INFO         | Ignore IPv6 address: 7808:7f91:e001:0:8000:7f91:e001:0
INFO         | Ignore IPv6 address: 900e:7f91:e001:0:8000:7f91:e001:0
INFO         | Ignore IPv6 address: 900e:7f91:e001:0:8000:7f91:e001:0
INFO         | Ignore IPv6 address: 900e:7f91:e001:0:8000:7f91:e001:0
INFO         | Ignore IPv6 address: 881c:7f91:e001:0:8000:7f91:e001:0
INFO         | Ignore IPv6 address: 881c:7f91:e001:0:8000:7f91:e001:0
INFO         | Ignore IPv6 address: 881c:7f91:e001:0:8000:7f91:e001:0
INFO         | Ignore IPv6 address: b822:7f91:e001:0:8000:7f91:e001:0
INFO         | Ignore IPv6 address: b822:7f91:e001:0:8000:7f91:e001:0
INFO         | Ignore IPv6 address: b822:7f91:e001:0:8000:7f91:e001:0
INFO         | Guest GLES Driver: Auto (ext controls)
INFO         | emuglConfig_get_vulkan_hardware_gpu_support_info: Found physical GPU 'NVIDIA GeForce RTX 3050 Ti Laptop GPU', type: VK_PHYSICAL_DEVICE_TYPE_DISCRETE_GPU, apiVersion: 1.3.224, driverVersion: 529.4

INFO         | emuglConfig_get_vulkan_hardware_gpu_support_info: Found physical GPU 'Intel(R) Iris(R) Xe Graphics', type: VK_PHYSICAL_DEVICE_TYPE_INTEGRATED_GPU, apiVersion: 1.3.250, driverVersion: 0.405.406

WARNING      | hasSufficientHostVulkanDriver: unsupported driver version (529.4.0, min required: 553.35.0, vendor: NVIDIA GeForce RTX 3050 Ti Laptop GPU).
INFO         | Host Vulkan driver is not supported.
INFO         | emuglConfig_init: vulkan_mode_selected:lavapipe gles_mode_selected:swiftshader
INFO         | Checking system compatibility:
INFO         |   Checking: hasCompatibleHypervisor
INFO         |      Ok: Hypervisor compatibility to run avd: `Pixel_9` are met
INFO         |   Checking: hasSufficientSystem
INFO         |      Warning: Suggested minimum system RAM to run avd 'Pixel_9' is 16384 MiB (available: 16167 MiB)
INFO         |   Checking: hasSufficientHwGpu
INFO         |      Ok: Hardware GPU compatibility checks are not required
INFO         |   Checking: hasSufficientDiskSpace
INFO         |      Ok: Disk space requirements to run avd: `Pixel_9` are met
USER_WARNING | Suggested minimum system RAM to run avd 'Pixel_9' is 16384 MiB (available: 16167 MiB).
INFO         | Critical: Failed to load opengl32sw (The specified module could not be found.) (:0, )
INFO         | Warning: Software OpenGL failed. Falling back to system OpenGL. (:0, )
INFO         | Storing crashdata in: C:\Users\YOUSSE~1\AppData\Local\Temp\\AndroidEmulator\emu-crash-37.1.11.db, detection is enabled for process: 30512
INFO         | Initializing gfxstream backend
INFO         | startOpenglesRendererImpl: gpu info
INFO         | GPU #1
  Make: 10de
  Model: NVIDIA GeForce RTX 3050 Ti Laptop GPU
  Device ID: 25a0

INFO         | Vulkan 1.4 is not supported for the guest and won't be enabled
INFO         | Disabling implicit Vulkan layers to avoid compatibility issues. Set VK_LOADER_LAYERS_DISABLE manually to disable this behavior.
INFO         | initIcdPaths: ICD set to 'lavapipe', using Lavapipe ICD
INFO         | Setting ICD filenames for the loader = C:\Users\Youssef AbdElBaky\AppData\Local\Android\Sdk\emulator\lib64\vulkan\lvp_icd.json
INFO         | SharedLibrary::open for [C:\Users\Youssef AbdElBaky\AppData\Local\Android\Sdk\emulator\qemu\windows-x86_64\lib64\vulkan\vulkan-1.dll]
INFO         | SharedLibrary::open for [C:\Users\Youssef AbdElBaky\AppData\Local\Android\Sdk\emulator\lib64\vulkan\vulkan-1.dll]
INFO         | Added library: C:\Users\Youssef AbdElBaky\AppData\Local\Android\Sdk\emulator\lib64\vulkan\vulkan-1.dll
INFO         | Selecting Vulkan device: llvmpipe (LLVM 21.1.2, 256 bits), Version: 1.4.318
INFO         | Using Vulkan externalMemoryMode: HostAllocation for VkEmulation
INFO         | Initializing VkEmulation features:
INFO         |     glInteropSupported: false
INFO         |     useDeferredCommands: true
INFO         |     createResourceWithRequirements: true
INFO         |     useVulkanComposition: false
INFO         |     useVulkanNativeSwapchain: false
INFO         |     enable guestRenderDoc: false
INFO         |     ASTC LDR emulation mode: Gpu
INFO         |     enable ETC2 emulation: true
INFO         |     enable Ycbcr emulation: false
INFO         |     guestVulkanOnly: false
INFO         |     useDedicatedAllocations: false
INFO         |     guestVulkanMaxApiVersion: 1.3.0
INFO         |     enableProtectedMemoryEmulation: false
INFO         | Graphics Adapter Vendor Google (Google Inc.)
INFO         | Graphics Adapter Android Emulator OpenGL ES Translator (Google SwiftShader)
INFO         | Graphics API Version OpenGL ES 3.0 (OpenGL ES 3.0 SwiftShader 4.0.0.1)
INFO         | Graphics API Extensions GL_OES_EGL_sync GL_OES_EGL_image GL_OES_EGL_image_external GL_OES_depth24 GL_OES_depth32 GL_OES_element_index_uint GL_OES_texture_float GL_OES_texture_float_linear GL_OES_compressed_paletted_texture GL_OES_compressed_ETC1_RGB8_texture GL_OES_depth_texture GL_OES_texture_half_float GL_OES_texture_half_float_linear GL_OES_packed_depth_stencil GL_OES_vertex_half_float GL_OES_standard_derivatives GL_OES_texture_npot GL_OES_rgb8_rgba8 GL_EXT_color_buffer_float GL_EXT_color_buffer_half_float GL_EXT_texture_format_BGRA8888 GL_APPLE_texture_format_BGRA8888 
INFO         | Graphics Device Extensions N/A
INFO         | Disabling sparse binding feature support
INFO         | Sending adb public key [QAAAAFHANUpPd8QvC5hfUZOFRQSUGn6aknFxQLK2SHYd6SXJcAFZgXKMg92/o5EmSA9nX0EHNHTAHWMQT0DSgWJRIIfs5kcbwVF+oiLL74DCGbM73g7FcDueIloi4IvQhbX7Jd8EAzYLBkSQFBva2KSpzl4j39trpctedbJYFMQmQT3SUY4ZkRWcyYdOmjIy66B6wCyvu0VtwHBzIu5IZRwCePYz+uA1LBxqxFjzgvA7pstpUr9Hnp2pBm5AKljQWL3n+DnUud7ZfAtbASpBnyhTNqVT01mGCYF+3A4ZK+pc8MCFDx1JW2mYCk1wWRkG95HQX3j0WehEOT1GWE2SbkxjOGT0U4G+0wv76pyBwDdQVfkhyVwGZPWxOlt4R6blGjhBA/xpqwuf9FTHgiE5UcehZOFugWYqvNz1FppeWr/zog2fYtv2qHHyXD8TVypMBl4OhkdqVm3/KMRmSsY/VJlYSOjc+i1q85Z5svnLKKFWQZUESjLjDrDmvKuyokDKPdgAYxUeUGDr3rLYapJWBbkrOTaugNIQm4Ue4F0RsGHzkIwQ6iHGAaosSbQGqrzQIK3hLWeMI2d0afAy3Jnv7Fp4w2t1bMbbLv8SPcAOjSRtJ6jZx4v+/bS4dBA7viIXrpzdhilGMGDVp7V+klgv8nQ2DeYwr2COLcBmpVHrZ5Dx1Kh1HgLhEAEAAQA= @unknown]
INFO         | Userspace boot properties:
INFO         |   androidboot.boot_devices=pci0000:00/0000:00:03.0 pci0000:00/0000:00:06.0
INFO         |   androidboot.dalvik.vm.heapsize=576m
INFO         |   androidboot.debug.hwui.renderer=skiagl
INFO         |   androidboot.hardware=ranchu
INFO         |   androidboot.hardware.gltransport=pipe
INFO         |   androidboot.hardware.vulkan=ranchu
INFO         |   androidboot.logcat=*:V
INFO         |   androidboot.opengles.version=196608
INFO         |   androidboot.qemu=1
INFO         |   androidboot.qemu.adb.pubkey=QAAAAFHANUpPd8QvC5hfUZOFRQSUGn6aknFxQLK2SHYd6SXJcAFZgXKMg92/o5EmSA9nX0EHNHTAHWMQT0DSgWJRIIfs5kcbwVF+oiLL74DCGbM73g7FcDueIloi4IvQhbX7Jd8EAzYLBkSQFBva2KSpzl4j39trpctedbJYFMQmQT3SUY4ZkRWcyYdOmjIy66B6wCyvu0VtwHBzIu5IZRwCePYz+uA1LBxqxFjzgvA7pstpUr9Hnp2pBm5AKljQWL3n+DnUud7ZfAtbASpBnyhTNqVT01mGCYF+3A4ZK+pc8MCFDx1JW2mYCk1wWRkG95HQX3j0WehEOT1GWE2SbkxjOGT0U4G+0wv76pyBwDdQVfkhyVwGZPWxOlt4R6blGjhBA/xpqwuf9FTHgiE5UcehZOFugWYqvNz1FppeWr/zog2fYtv2qHHyXD8TVypMBl4OhkdqVm3/KMRmSsY/VJlYSOjc+i1q85Z5svnLKKFWQZUESjLjDrDmvKuyokDKPdgAYxUeUGDr3rLYapJWBbkrOTaugNIQm4Ue4F0RsGHzkIwQ6iHGAaosSbQGqrzQIK3hLWeMI2d0afAy3Jnv7Fp4w2t1bMbbLv8SPcAOjSRtJ6jZx4v+/bS4dBA7viIXrpzdhilGMGDVp7V+klgv8nQ2DeYwr2COLcBmpVHrZ5Dx1Kh1HgLhEAEAAQA= @unknown
INFO         |   androidboot.qemu.avd_name=Pixel_9
INFO         |   androidboot.qemu.camera_hq_edge_processing=0
INFO         |   androidboot.qemu.camera_protocol_ver=1
INFO         |   androidboot.qemu.cpuvulkan.version=4210688
INFO         |   androidboot.qemu.gltransport.drawFlushInterval=800
INFO         |   androidboot.qemu.gltransport.name=pipe
INFO         |   androidboot.qemu.hwcodec.avcdec=2
INFO         |   androidboot.qemu.hwcodec.hevcdec=2
INFO         |   androidboot.qemu.hwcodec.vpxdec=2
INFO         |   androidboot.qemu.settings.system.screen_off_timeout=2147483647
INFO         |   androidboot.qemu.skin=pixel_9
INFO         |   androidboot.qemu.virtiowifi=1
INFO         |   androidboot.qemu.vsync=60
INFO         |   androidboot.serialno=EMULATOR37X1X11X0
INFO         |   androidboot.vbmeta.digest=0812025aaaba670a79bd6b4096957b57a9b2c99e1851d994bdf76b1b26444c4e
INFO         |   androidboot.vbmeta.hash_alg=sha256
INFO         |   androidboot.vbmeta.size=6720
INFO         |   androidboot.veritymode=enforcing
WHPX on Windows 10.0.26200 detected.
Windows Hypervisor Platform accelerator is operational
netsimd I 09-23 07:05:46.803 external/netsim+/rust/daemon/src\rust_main.rs:93 - netsim artifacts path: "C:\\Users\\YOUSSE~1\\AppData\\Local\\Temp\\netsimd"
netsimd I 09-23 07:05:46.803 external/netsim+/rust/daemon/src\rust_main.rs:96 - NetsimdArgs {
    fd_startup_str: None,
    no_cli_ui: true,
    no_web_ui: true,
    pcap: false,
    disable_address_reuse: false,
    hci_port: None,
    connector_instance: None,
    instance: None,
    logtostderr: false,
    dev: false,
    forward_host_mdns: false,
    vsock: None,
    config: None,
    host_dns: Some(
        "172.30.50.39",
    ),
    http_proxy: None,
    wifi_tap: None,
    wifi: None,
    test_beacons: false,
    no_test_beacons: false,
    no_shutdown: false,
    verbose: false,
    version: false,
    debug: DebugArgs {
        debug_no_traffic: false,
        debug_no_network: false,
        debug_no_wmedium: false,
        debug_no_mdns_wmedium: false,
        debug_no_guest_to_host_mdns: false,
    },
    rssi: None,
}
INFO         | Monitoring duration of emulator setup.
WARNING      | The emulator now requires a signed jwt token for gRPC access! Use the -grpc flag if you really want an open unprotected grpc port
INFO         | Using security allow list from: C:\Users\Youssef AbdElBaky\AppData\Local\Android\Sdk\emulator\lib\emulator_access.json
INFO         | The active JSON Web Key Sets can be found here: C:\Users\Youssef AbdElBaky\AppData\Local\Temp\avd\running\30512\jwks\43c91a77-cf22-4d10-bdd8-359207219f89\active.jwk
INFO         | Scanning C:\Users\Youssef AbdElBaky\AppData\Local\Temp\avd\running\30512\jwks\43c91a77-cf22-4d10-bdd8-359207219f89 for jwk keys.
INFO         | Started GRPC server at 127.0.0.1:8554, security: Local, auth: +token
INFO         | Advertising in: C:\Users\Youssef AbdElBaky\AppData\Local\Temp\avd\running\pid_30512.ini
INFO         | Activated packet streamer for bluetooth emulation
INFO         | Activated packet streamer for uwb emulation
INFO         | Successfully initialized netsim WiFi
INFO         | Setting display: 0 configuration to: 1080x2424, dpi: 420x420 
INFO         | setDisplayActiveConfig: id:0, 1080x2424
INFO         | Checking system compatibility:
INFO         |   Checking: hasCompatibleHypervisor
INFO         |      Ok: Hypervisor compatibility to run avd: `Pixel_9` are met
INFO         |   Checking: hasSufficientSystem
INFO         |      Warning: Suggested minimum system RAM to run avd 'Pixel_9' is 16384 MiB (available: 16167 MiB)
INFO         |   Checking: hasSufficientHwGpu
INFO         |      Ok: Hardware GPU compatibility checks are not required
INFO         |   Checking: hasSufficientDiskSpace
INFO         |      Ok: Disk space requirements to run avd: `Pixel_9` are met
WARNING      | getEnvironmentConfig: No environment config is provided
INFO         | getEnvironmentConfig: Using default virtual scene mode for the environment.
INFO         | getEnvironmentConfig: Using default configuration for mode mesh3d for the environment.
INFO         | Initializing a scene with mode: mesh3d, argument: Toren1BD.obj
USER_INFO    | Emulator is performing a full startup. This may take upto two minutes, or more.
INFO         | GPU Vendor=[Google (Google Inc.)]
INFO         | GPU Renderer=[Android Emulator OpenGL ES Translator (Google SwiftShader)]
INFO         | GPU Version=[OpenGL ES 3.0 (OpenGL ES 3.0 SwiftShader 4.0.0.1)]
INFO         | Warning: QMetaObject::connectSlotsByName: No matching signal for on_rgbcSensorValueWidget_valueChanged() (:0, )
INFO         | Warning: QMetaObject::connectSlotsByName: No matching signal for on_posture_valueChanged(int) (:0, )
INFO         | TouchpadHolder: registering via hw_xr_led agent for instance=000001E0854127D0
INFO         | Warning: QObject::connect: Cannot queue arguments of type 'std::vector<android::emulation::control::SnapshotInfo>'
(Make sure 'std::vector<android::emulation::control::SnapshotInfo>' is registered using qRegisterMetaType().) (:0, )
INFO         | AVD supportsNativeGLES=1, supportsGuestAngle=1
INFO         | Guest Angle is still unstable for API > 35.
WARNING      | UpdateCheck: Failure: SSL peer certificate or SSH remote key was not OK
WARNING      | UpdateCheck: failed to get the latest version, skipping check (current version '37.1.11-15917651')
INFO         | Created extended window in 535.66ms
WARNING      | UpdateCheck: Failure: SSL peer certificate or SSH remote key was not OK
WARNING      | adb command 'C:\Users\Youssef AbdElBaky\AppData\Local\Android\Sdk\platform-tools\adb.exe -s emulator-5554 shell getprop sys.boot_completed ' failed: 'adb.exe: device offline'
INFO         | Wait for emulator (pid 30512) 20 seconds to shutdown gracefully before kill;you can set environment variable ANDROID_EMULATOR_WAIT_TIME_BEFORE_KILL(in seconds) to change the default value (20 seconds)

ERROR        | Could not take screenshot, error: -1
INFO         | Saving with gfxstream=1
INFO         | GPU Vendor=[Google (Google Inc.)]
INFO         | GPU Renderer=[Android Emulator OpenGL ES Translator (Google SwiftShader)]
INFO         | GPU Version=[OpenGL ES 3.0 (OpenGL ES 3.0 SwiftShader 4.0.0.1)]
INFO         | Saving snapshot 'default_boot' using 1083 ms
WARNING      | adb command 'C:\Users\Youssef AbdElBaky\AppData\Local\Android\Sdk\platform-tools\adb.exe -s emulator-5554 shell getprop sys.boot_completed ' failed: 'adb.exe: device offline'
INFO         | Critical: UpdateLayeredWindowIndirect failed for ptDst=(519, -906), size=(375x26), dirty=(375x26 0, 0) (A device attached to the system is not functioning.) (:0, )
pc_memory_init: above 4g size: 40000000
INFO         | removeScene: scene=0x1e0854d5e40
INFO         | removeAll
WARNING      | Netsim Wifi dns:///localhost:50060 is gone due to CANCELLED
